** Drc report for sticks3-bot-hat.kicad_pcb **
** Created on 2026-09-19T16:50:45 **
** Report includes: Errors **

** Found 2 DRC violations **
[courtyards_overlap]: Courtyards overlap
    Rule: board setup constraints courtyard; error
    @(57.5000 mm, 55.5000 mm): Footprint J1
    @(52.7000 mm, 52.7000 mm): Footprint H1
[courtyards_overlap]: Courtyards overlap
    Rule: board setup constraints courtyard; error
    @(52.7000 mm, 79.5000 mm): Footprint H3
    @(57.3000 mm, 76.2000 mm): Footprint J2

** Found 0 unconnected pads **

** Found 0 Footprint errors **

** Ignored checks **
    - Footprint has no courtyard defined
    - Track endpoint not centered on via
    - Tuning profile track geometries
    - Footprint doesn't match symbol's footprint filters
    - Footprint component type doesn't match footprint pads

** End of Report **
